

================================================================
== Vivado HLS Report for 'merge'
================================================================
* Date:           Thu Jul  4 20:30:54 2024

* Version:        2020.1 (Build 2897737 on Wed May 27 20:21:37 MDT 2020)
* Project:        knn
* Solution:       solution1
* Product family: zynquplus
* Target device:  xqzu5ev-ffrb900-1-i


================================================================
== Performance Estimates
================================================================
+ Timing: 
    * Summary: 
    +--------+----------+----------+------------+
    |  Clock |  Target  | Estimated| Uncertainty|
    +--------+----------+----------+------------+
    |ap_clk  | 10.00 ns | 3.746 ns |   1.25 ns  |
    +--------+----------+----------+------------+

+ Latency: 
    * Summary: 
    +---------+---------+----------+----------+-----+-----+---------+
    |  Latency (cycles) |  Latency (absolute) |  Interval | Pipeline|
    |   min   |   max   |    min   |    max   | min | max |   Type  |
    +---------+---------+----------+----------+-----+-----+---------+
    |        ?|        ?|         ?|         ?|    ?|    ?|   none  |
    +---------+---------+----------+----------+-----+-----+---------+

    + Detail: 
        * Instance: 
        N/A

        * Loop: 
        +---------------+---------+---------+----------+-----------+-----------+------+----------+
        |               |  Latency (cycles) | Iteration|  Initiation Interval  | Trip |          |
        |   Loop Name   |   min   |   max   |  Latency |  achieved |   target  | Count| Pipelined|
        +---------------+---------+---------+----------+-----------+-----------+------+----------+
        |- copy_left    |        ?|        ?|         2|          -|          -|     ?|    no    |
        |- copy_right   |        ?|        ?|         2|          -|          -|     ?|    no    |
        |- merge_loop   |        ?|        ?|         3|          -|          -|     ?|    no    |
        |- merge_left   |        ?|        ?|         2|          -|          -|     ?|    no    |
        |- merge_right  |        ?|        ?|         2|          -|          -|     ?|    no    |
        +---------------+---------+---------+----------+-----------+-----------+------+----------+



================================================================
== Utilization Estimates
================================================================
* Summary: 
+-----------------+---------+-------+--------+--------+-----+
|       Name      | BRAM_18K| DSP48E|   FF   |   LUT  | URAM|
+-----------------+---------+-------+--------+--------+-----+
|DSP              |        -|      -|       -|       -|    -|
|Expression       |        -|      -|       0|     852|    -|
|FIFO             |        -|      -|       -|       -|    -|
|Instance         |        -|      -|       -|       -|    -|
|Memory           |      432|      -|       0|       0|    0|
|Multiplexer      |        -|      -|       -|     322|    -|
|Register         |        -|      -|     777|       -|    -|
+-----------------+---------+-------+--------+--------+-----+
|Total            |      432|      0|     777|    1174|    0|
+-----------------+---------+-------+--------+--------+-----+
|Available        |      288|   1248|  234240|  117120|   64|
+-----------------+---------+-------+--------+--------+-----+
|Utilization (%)  |      150|      0|   ~0   |       1|    0|
+-----------------+---------+-------+--------+--------+-----+

+ Detail: 
    * Instance: 
    N/A

    * DSP48E: 
    N/A

    * Memory: 
    +-------+-----------+---------+---+----+-----+-------+-----+------+-------------+
    | Memory|   Module  | BRAM_18K| FF| LUT| URAM| Words | Bits| Banks| W*Bits*Banks|
    +-------+-----------+---------+---+----+-----+-------+-----+------+-------------+
    |L_0_U  |merge_L_0  |      108|  0|   0|    0|  60000|   32|     1|      1920000|
    |L_1_U  |merge_L_0  |      108|  0|   0|    0|  60000|   32|     1|      1920000|
    |R_0_U  |merge_L_0  |      108|  0|   0|    0|  60000|   32|     1|      1920000|
    |R_1_U  |merge_L_0  |      108|  0|   0|    0|  60000|   32|     1|      1920000|
    +-------+-----------+---------+---+----+-----+-------+-----+------+-------------+
    |Total  |           |      432|  0|   0|    0| 240000|  128|     4|      7680000|
    +-------+-----------+---------+---+----+-----+-------+-----+------+-------------+

    * FIFO: 
    N/A

    * Expression: 
    +-----------------------+----------+-------+---+----+------------+------------+
    |     Variable Name     | Operation| DSP48E| FF| LUT| Bitwidth P0| Bitwidth P1|
    +-----------------------+----------+-------+---+----+------------+------------+
    |add_ln54_fu_394_p2     |     +    |      0|  0|  39|          32|          32|
    |add_ln60_1_fu_430_p2   |     +    |      0|  0|  39|          32|          32|
    |add_ln84_fu_556_p2     |     +    |      0|  0|  39|          32|           1|
    |add_ln88_fu_494_p2     |     +    |      0|  0|  32|          32|          32|
    |i_2_fu_536_p2          |     +    |      0|  0|  39|          32|           1|
    |i_4_fu_573_p2          |     +    |      0|  0|  39|          32|           1|
    |i_fu_388_p2            |     +    |      0|  0|  38|          31|           1|
    |j_2_fu_546_p2          |     +    |      0|  0|  39|          32|           1|
    |j_4_fu_602_p2          |     +    |      0|  0|  39|          32|           1|
    |j_fu_420_p2            |     +    |      0|  0|  38|          31|           1|
    |k_3_fu_585_p2          |     +    |      0|  0|  39|          32|           1|
    |k_4_fu_614_p2          |     +    |      0|  0|  39|          32|           1|
    |k_fu_519_p2            |     +    |      0|  0|  32|          32|          32|
    |n1_fu_367_p2           |     +    |      0|  0|  32|          32|           1|
    |n2_fu_373_p2           |     -    |      0|  0|  39|          32|          32|
    |sub_ln44_fu_361_p2     |     -    |      0|  0|  32|          32|          32|
    |sub_ln88_1_fu_513_p2   |     -    |      0|  0|  32|          32|          32|
    |sub_ln88_fu_489_p2     |     -    |      0|  0|  32|           1|          32|
    |and_ln69_fu_473_p2     |    and   |      0|  0|   2|           1|           1|
    |empty_fu_499_p2        |   icmp   |      0|  0|  20|          32|          32|
    |icmp_ln52_fu_383_p2    |   icmp   |      0|  0|  20|          32|          32|
    |icmp_ln58_fu_415_p2    |   icmp   |      0|  0|  20|          32|          32|
    |icmp_ln69_1_fu_468_p2  |   icmp   |      0|  0|  20|          32|          32|
    |icmp_ln69_fu_463_p2    |   icmp   |      0|  0|  20|          32|          32|
    |icmp_ln71_fu_525_p2    |   icmp   |      0|  0|  20|          32|          32|
    |icmp_ln88_fu_562_p2    |   icmp   |      0|  0|  20|          32|          32|
    |icmp_ln98_fu_591_p2    |   icmp   |      0|  0|  20|          32|          32|
    |smax_fu_505_p3         |  select  |      0|  0|  32|           1|          32|
    +-----------------------+----------+-------+---+----+------------+------------+
    |Total                  |          |      0|  0| 852|         801|         555|
    +-----------------------+----------+-------+---+----+------------+------------+

    * Multiplexer: 
    +--------------------+----+-----------+-----+-----------+
    |        Name        | LUT| Input Size| Bits| Total Bits|
    +--------------------+----+-----------+-----+-----------+
    |L_0_address0        |  21|          4|   16|         64|
    |L_1_address0        |  21|          4|   16|         64|
    |R_0_address0        |  21|          4|   16|         64|
    |R_1_address0        |  21|          4|   16|         64|
    |ap_NS_fsm           |  56|         13|    1|         13|
    |arr_0_address0      |  33|          6|   16|         96|
    |arr_0_d0            |  15|          3|   32|         96|
    |arr_1_address0      |  38|          7|   16|        112|
    |arr_1_d0            |  15|          3|   32|         96|
    |i_0_reg_288         |   9|          2|   31|         62|
    |i_1_fu_56           |   9|          2|   32|         64|
    |i_3_reg_322         |   9|          2|   32|         64|
    |indvars_iv_reg_312  |   9|          2|   32|         64|
    |j_0_reg_300         |   9|          2|   31|         62|
    |j_1_fu_52           |   9|          2|   32|         64|
    |j_3_reg_342         |   9|          2|   32|         64|
    |k_1_reg_331         |   9|          2|   32|         64|
    |k_2_reg_351         |   9|          2|   32|         64|
    +--------------------+----+-----------+-----+-----------+
    |Total               | 322|         66|  447|       1241|
    +--------------------+----+-----------+-----+-----------+

    * Register: 
    +---------------------+----+----+-----+-----------+
    |         Name        | FF | LUT| Bits| Const Bits|
    +---------------------+----+----+-----+-----------+
    |ap_CS_fsm            |  12|   0|   12|          0|
    |i_0_reg_288          |  31|   0|   31|          0|
    |i_1_fu_56            |  32|   0|   32|          0|
    |i_1_load_reg_703     |  32|   0|   32|          0|
    |i_3_reg_322          |  32|   0|   32|          0|
    |i_4_reg_775          |  32|   0|   32|          0|
    |i_reg_650            |  31|   0|   31|          0|
    |icmp_ln71_reg_737    |   1|   0|    1|          0|
    |indvars_iv_reg_312   |  32|   0|   32|          0|
    |j_0_reg_300          |  31|   0|   31|          0|
    |j_1_fu_52            |  32|   0|   32|          0|
    |j_1_load_reg_697     |  32|   0|   32|          0|
    |j_3_reg_342          |  32|   0|   32|          0|
    |j_4_reg_798          |  32|   0|   32|          0|
    |j_reg_668            |  31|   0|   31|          0|
    |k_1_reg_331          |  32|   0|   32|          0|
    |k_2_reg_351          |  32|   0|   32|          0|
    |k_reg_732            |  32|   0|   32|          0|
    |n1_reg_633           |  32|   0|   32|          0|
    |n2_reg_640           |  32|   0|   32|          0|
    |sext_ln71_1_reg_722  |  64|   0|   64|          0|
    |sext_ln71_reg_712    |  64|   0|   64|          0|
    |sext_ln79_reg_741    |  64|   0|   64|          0|
    +---------------------+----+----+-----+-----------+
    |Total                | 777|   0|  777|          0|
    +---------------------+----+----+-----+-----------+



================================================================
== Interface
================================================================
* Summary: 
+----------------+-----+-----+------------+--------------+--------------+
|    RTL Ports   | Dir | Bits|  Protocol  | Source Object|    C Type    |
+----------------+-----+-----+------------+--------------+--------------+
|ap_clk          |  in |    1| ap_ctrl_hs |     merge    | return value |
|ap_rst          |  in |    1| ap_ctrl_hs |     merge    | return value |
|ap_start        |  in |    1| ap_ctrl_hs |     merge    | return value |
|ap_done         | out |    1| ap_ctrl_hs |     merge    | return value |
|ap_idle         | out |    1| ap_ctrl_hs |     merge    | return value |
|ap_ready        | out |    1| ap_ctrl_hs |     merge    | return value |
|arr_0_address0  | out |   16|  ap_memory |     arr_0    |     array    |
|arr_0_ce0       | out |    1|  ap_memory |     arr_0    |     array    |
|arr_0_we0       | out |    1|  ap_memory |     arr_0    |     array    |
|arr_0_d0        | out |   32|  ap_memory |     arr_0    |     array    |
|arr_0_q0        |  in |   32|  ap_memory |     arr_0    |     array    |
|arr_1_address0  | out |   16|  ap_memory |     arr_1    |     array    |
|arr_1_ce0       | out |    1|  ap_memory |     arr_1    |     array    |
|arr_1_we0       | out |    1|  ap_memory |     arr_1    |     array    |
|arr_1_d0        | out |   32|  ap_memory |     arr_1    |     array    |
|arr_1_q0        |  in |   32|  ap_memory |     arr_1    |     array    |
|l               |  in |   32|   ap_none  |       l      |    scalar    |
|m               |  in |   32|   ap_none  |       m      |    scalar    |
|r               |  in |   32|   ap_none  |       r      |    scalar    |
+----------------+-----+-----+------------+--------------+--------------+

