

================================================================
== Vivado HLS Report for 'knn'
================================================================
* Date:           Thu Jul 25 18:34:33 2024

* Version:        2020.1 (Build 2897737 on Wed May 27 20:21:37 MDT 2020)
* Project:        knn
* Solution:       solution2
* Product family: zynquplus
* Target device:  xqzu5ev-ffrb900-1-i


================================================================
== Performance Estimates
================================================================
+ Timing: 
    * Summary: 
    +--------+----------+----------+------------+
    |  Clock |  Target  | Estimated| Uncertainty|
    +--------+----------+----------+------------+
    |ap_clk  | 10.00 ns | 3.629 ns |   1.25 ns  |
    +--------+----------+----------+------------+

+ Latency: 
    * Summary: 
    +---------+---------+-----------+-----------+---------+---------+---------+
    |  Latency (cycles) |   Latency (absolute)  |      Interval     | Pipeline|
    |   min   |   max   |    min    |    max    |   min   |   max   |   Type  |
    +---------+---------+-----------+-----------+---------+---------+---------+
    |  3126135|  3126135| 31.261 ms | 31.261 ms |  3126135|  3126135|   none  |
    +---------+---------+-----------+-----------+---------+---------+---------+

    + Detail: 
        * Instance: 
        N/A

        * Loop: 
        +--------------------+---------+---------+----------+-----------+-----------+------+----------+
        |                    |  Latency (cycles) | Iteration|  Initiation Interval  | Trip |          |
        |      Loop Name     |   min   |   max   |  Latency |  achieved |   target  | Count| Pipelined|
        +--------------------+---------+---------+----------+-----------+-----------+------+----------+
        |- Loop 1            |      100|      100|         2|          -|          -|    50|    no    |
        |- Loop 2            |        5|        5|         1|          -|          -|     5|    no    |
        |- distance_loop     |  3126000|  3126000|       521|          -|          -|  6000|    no    |
        | + distance_loop.1  |      100|      100|         2|          -|          -|    50|    no    |
        | + bitcount_loop    |      400|      400|         1|          -|          -|   400|    no    |
        | + distance_loop.3  |       15|       15|         3|          -|          -|     5|    no    |
        |- freq_init_loop    |       10|       10|         1|          -|          -|    10|    no    |
        |- neighbours_loop   |       15|       15|         3|          -|          -|     5|    no    |
        +--------------------+---------+---------+----------+-----------+-----------+------+----------+



================================================================
== Utilization Estimates
================================================================
* Summary: 
+-----------------+---------+-------+--------+--------+-----+
|       Name      | BRAM_18K| DSP48E|   FF   |   LUT  | URAM|
+-----------------+---------+-------+--------+--------+-----+
|DSP              |        -|      -|       -|       -|    -|
|Expression       |        -|      -|       0|    8874|    -|
|FIFO             |        -|      -|       -|       -|    -|
|Instance         |        0|      -|     757|     858|    -|
|Memory           |        0|      -|     501|   37043|    0|
|Multiplexer      |        -|      -|       -|     793|    -|
|Register         |        -|      -|    1892|       -|    -|
+-----------------+---------+-------+--------+--------+-----+
|Total            |        0|      0|    3150|   47568|    0|
+-----------------+---------+-------+--------+--------+-----+
|Available        |      288|   1248|  234240|  117120|   64|
+-----------------+---------+-------+--------+--------+-----+
|Utilization (%)  |        0|      0|       1|      40|    0|
+-----------------+---------+-------+--------+--------+-----+

+ Detail: 
    * Instance: 
    +----------------------+--------------------+---------+-------+-----+-----+-----+
    |       Instance       |       Module       | BRAM_18K| DSP48E|  FF | LUT | URAM|
    +----------------------+--------------------+---------+-------+-----+-----+-----+
    |knn_AXILiteS_s_axi_U  |knn_AXILiteS_s_axi  |        0|      0|  757|  858|    0|
    +----------------------+--------------------+---------+-------+-----+-----+-----+
    |Total                 |                    |        0|      0|  757|  858|    0|
    +----------------------+--------------------+---------+-------+-----+-----+-----+

    * DSP48E: 
    N/A

    * Memory: 
    +---------------+-----------------+---------+----+-----+-----+------+-----+------+-------------+
    |     Memory    |      Module     | BRAM_18K| FF | LUT | URAM| Words| Bits| Banks| W*Bits*Banks|
    +---------------+-----------------+---------+----+-----+-----+------+-----+------+-------------+
    |distances_0_U  |knn_distances_0  |        0|  32|    2|    0|     5|   16|     1|           80|
    |distances_1_U  |knn_distances_1  |        0|  10|    1|    0|     5|    5|     1|           25|
    |freq_U         |knn_freq         |        0|  64|    5|    0|    10|   32|     1|          320|
    |train_0_U      |knn_train_0      |        0|   4|  375|    0|  6000|    4|     1|        24000|
    |train_21_U     |knn_train_21     |        0|   8|  750|    0|  6000|    8|     1|        48000|
    |train_22_U     |knn_train_22     |        0|   6|  563|    0|  6000|    6|     1|        36000|
    |train_23_U     |knn_train_23     |        0|   8|  750|    0|  6000|    8|     1|        48000|
    |train_24_U     |knn_train_24     |        0|   8|  750|    0|  6000|    8|     1|        48000|
    |train_25_U     |knn_train_25     |        0|   8|  750|    0|  6000|    8|     1|        48000|
    |train_26_U     |knn_train_26     |        0|   8|  750|    0|  6000|    8|     1|        48000|
    |train_27_U     |knn_train_27     |        0|   8|  750|    0|  6000|    8|     1|        48000|
    |train_28_U     |knn_train_28     |        0|   8|  750|    0|  6000|    8|     1|        48000|
    |train_29_U     |knn_train_29     |        0|   8|  750|    0|  6000|    8|     1|        48000|
    |train_30_U     |knn_train_30     |        0|   8|  750|    0|  6000|    8|     1|        48000|
    |train_31_U     |knn_train_31     |        0|   8|  750|    0|  6000|    8|     1|        48000|
    |train_32_U     |knn_train_32     |        0|   8|  750|    0|  6000|    8|     1|        48000|
    |train_33_U     |knn_train_33     |        0|   8|  750|    0|  6000|    8|     1|        48000|
    |train_34_U     |knn_train_34     |        0|   8|  750|    0|  6000|    8|     1|        48000|
    |train_35_U     |knn_train_35     |        0|   8|  750|    0|  6000|    8|     1|        48000|
    |train_36_U     |knn_train_36     |        0|   7|  657|    0|  6000|    7|     1|        42000|
    |train_37_U     |knn_train_37     |        0|   8|  750|    0|  6000|    8|     1|        48000|
    |train_38_U     |knn_train_38     |        0|   8|  750|    0|  6000|    8|     1|        48000|
    |train_39_U     |knn_train_39     |        0|   8|  750|    0|  6000|    8|     1|        48000|
    |train_40_U     |knn_train_40     |        0|   8|  750|    0|  6000|    8|     1|        48000|
    |train_41_U     |knn_train_41     |        0|   8|  750|    0|  6000|    8|     1|        48000|
    |train_42_U     |knn_train_42     |        0|   8|  750|    0|  6000|    8|     1|        48000|
    |train_43_U     |knn_train_43     |        0|   7|  657|    0|  6000|    7|     1|        42000|
    |train_44_U     |knn_train_44     |        0|   8|  750|    0|  6000|    8|     1|        48000|
    |train_45_U     |knn_train_45     |        0|   8|  750|    0|  6000|    8|     1|        48000|
    |train_46_U     |knn_train_46     |        0|   8|  750|    0|  6000|    8|     1|        48000|
    |train_47_U     |knn_train_47     |        0|   8|  750|    0|  6000|    8|     1|        48000|
    |train_48_U     |knn_train_48     |        0|   8|  750|    0|  6000|    8|     1|        48000|
    |train_49_U     |knn_train_49     |        0|   8|  750|    0|  6000|    8|     1|        48000|
    |train_50_U     |knn_train_50     |        0|   7|  657|    0|  6000|    7|     1|        42000|
    |train_51_U     |knn_train_51     |        0|   8|  750|    0|  6000|    8|     1|        48000|
    |train_52_U     |knn_train_52     |        0|   8|  750|    0|  6000|    8|     1|        48000|
    |train_53_U     |knn_train_53     |        0|   8|  750|    0|  6000|    8|     1|        48000|
    |train_54_U     |knn_train_54     |        0|   8|  750|    0|  6000|    8|     1|        48000|
    |train_55_U     |knn_train_55     |        0|   8|  750|    0|  6000|    8|     1|        48000|
    |train_56_U     |knn_train_56     |        0|   8|  750|    0|  6000|    8|     1|        48000|
    |train_57_U     |knn_train_57     |        0|   6|  563|    0|  6000|    6|     1|        36000|
    |train_58_U     |knn_train_58     |        0|   8|  750|    0|  6000|    8|     1|        48000|
    |train_59_U     |knn_train_59     |        0|   8|  750|    0|  6000|    8|     1|        48000|
    |train_60_U     |knn_train_60     |        0|   8|  750|    0|  6000|    8|     1|        48000|
    |train_61_U     |knn_train_61     |        0|   8|  750|    0|  6000|    8|     1|        48000|
    |train_62_U     |knn_train_62     |        0|   8|  750|    0|  6000|    8|     1|        48000|
    |train_63_U     |knn_train_63     |        0|   8|  750|    0|  6000|    8|     1|        48000|
    |train_64_U     |knn_train_64     |        0|   6|  563|    0|  6000|    6|     1|        36000|
    |train_65_U     |knn_train_65     |        0|   8|  750|    0|  6000|    8|     1|        48000|
    |train_66_U     |knn_train_66     |        0|   8|  750|    0|  6000|    8|     1|        48000|
    |train_67_U     |knn_train_67     |        0|   8|  750|    0|  6000|    8|     1|        48000|
    |train_68_U     |knn_train_68     |        0|   8|  750|    0|  6000|    8|     1|        48000|
    |train_69_U     |knn_train_69     |        0|   8|  750|    0|  6000|    8|     1|        48000|
    |train_70_U     |knn_train_70     |        0|   8|  750|    0|  6000|    8|     1|        48000|
    +---------------+-----------------+---------+----+-----+-----+------+-----+------+-------------+
    |Total          |                 |        0| 501|37043|    0|306020|  448|    54|      2370425|
    +---------------+-----------------+---------+----+-----+-----+------+-----+------+-------------+

    * FIFO: 
    N/A

    * Expression: 
    +----------------------------+----------+-------+---+------+------------+------------+
    |        Variable Name       | Operation| DSP48E| FF|  LUT | Bitwidth P0| Bitwidth P1|
    +----------------------------+----------+-------+---+------+------------+------------+
    |add_ln5991_1_fu_2252_p2     |     +    |      0|  0|    17|          10|           9|
    |add_ln5991_fu_2246_p2       |     +    |      0|  0|    17|          10|           9|
    |distance_fu_2430_p2         |     +    |      0|  0|    23|          16|           1|
    |i_1_fu_2130_p2              |     +    |      0|  0|    11|           3|           1|
    |i_2_fu_2483_p2              |     +    |      0|  0|    12|           4|           1|
    |i_3_fu_2500_p2              |     +    |      0|  0|    11|           3|           1|
    |i_4_fu_2402_p2              |     +    |      0|  0|    16|           9|           1|
    |i_5_fu_2148_p2              |     +    |      0|  0|    20|          13|           1|
    |i_fu_2118_p2                |     +    |      0|  0|    15|           2|           6|
    |j_fu_2450_p2                |     +    |      0|  0|    11|           3|           1|
    |kkk_fu_2258_p2              |     +    |      0|  0|    15|           7|           1|
    |max_freq_fu_2533_p2         |     +    |      0|  0|    39|          32|           1|
    |test_data_V_fu_2092_p2      |     +    |      0|  0|   400|         400|         400|
    |sub_ln388_1_fu_2308_p2      |     -    |      0|  0|    16|           8|           9|
    |sub_ln388_fu_2278_p2        |     -    |      0|  0|    16|           8|           9|
    |and_ln388_1_fu_2374_p2      |    and   |      0|  0|   400|         400|         400|
    |and_ln388_2_fu_2380_p2      |    and   |      0|  0|   400|         400|         400|
    |and_ln388_fu_2362_p2        |    and   |      0|  0|   400|         400|         400|
    |ap_condition_1911           |    and   |      0|  0|     2|           1|           1|
    |icmp_ln388_fu_2268_p2       |   icmp   |      0|  0|    13|          10|          10|
    |icmp_ln5969_fu_2078_p2      |   icmp   |      0|  0|    11|           6|           1|
    |icmp_ln5972_fu_2098_p2      |   icmp   |      0|  0|    11|           6|           1|
    |icmp_ln5981_fu_2124_p2      |   icmp   |      0|  0|     9|           3|           3|
    |icmp_ln5987_fu_2142_p2      |   icmp   |      0|  0|    13|          13|          13|
    |icmp_ln5990_fu_2232_p2      |   icmp   |      0|  0|    11|           7|           7|
    |icmp_ln5996_fu_2444_p2      |   icmp   |      0|  0|     9|           3|           3|
    |icmp_ln5999_fu_2461_p2      |   icmp   |      0|  0|    13|          16|          16|
    |icmp_ln6017_fu_2477_p2      |   icmp   |      0|  0|     9|           4|           4|
    |icmp_ln6022_fu_2494_p2      |   icmp   |      0|  0|     9|           3|           3|
    |icmp_ln6026_fu_2540_p2      |   icmp   |      0|  0|    20|          32|          32|
    |icmp_ln6042_fu_2396_p2      |   icmp   |      0|  0|    13|           9|           8|
    |output_V                    |   icmp   |      0|  0|    20|          32|          32|
    |lshr_ln388_fu_2356_p2       |   lshr   |      0|  0|  1723|           2|         400|
    |ap_condition_1181           |    or    |      0|  0|     2|           1|           1|
    |p_Result_3_fu_2386_p2       |    or    |      0|  0|   400|         400|         400|
    |select_ln388_1_fu_2292_p3   |  select  |      0|  0|     9|           1|           9|
    |select_ln388_2_fu_2300_p3   |  select  |      0|  0|     9|           1|           9|
    |select_ln388_3_fu_2342_p3   |  select  |      0|  0|   396|           1|         400|
    |select_ln388_fu_2284_p3     |  select  |      0|  0|     9|           1|           9|
    |select_ln6026_1_fu_2554_p3  |  select  |      0|  0|    32|           1|          32|
    |select_ln6026_fu_2546_p3    |  select  |      0|  0|    32|           1|          32|
    |select_ln6043_fu_2436_p3    |  select  |      0|  0|    16|           1|          16|
    |test_data_V_2_fu_2110_p3    |  select  |      0|  0|   396|           1|         400|
    |shl_ln388_1_fu_2350_p2      |    shl   |      0|  0|  1723|           2|         400|
    |shl_ln388_fu_2326_p2        |    shl   |      0|  0|  1723|         400|         400|
    |xor_ln388_fu_2368_p2        |    xor   |      0|  0|   400|           2|         400|
    |xor_ln968_fu_2424_p2        |    xor   |      0|  0|     2|           1|           1|
    +----------------------------+----------+-------+---+------+------------+------------+
    |Total                       |          |      0|  0|  8874|        2689|        4694|
    +----------------------------+----------+-------+---+------+------------+------------+

    * Multiplexer: 
    +--------------------------------------+-----+-----------+-----+-----------+
    |                 Name                 | LUT | Input Size| Bits| Total Bits|
    +--------------------------------------+-----+-----------+-----+-----------+
    |ap_NS_fsm                             |   89|         18|    1|         18|
    |ap_phi_mux_temp1_be_phi_fu_2024_p4    |    9|          2|   16|         32|
    |ap_phi_mux_temp2_V_be_phi_fu_2012_p4  |    9|          2|    4|          8|
    |bvh_d_index_reg_1964                  |    9|          2|    9|         18|
    |curr_dist_reg_1952                    |    9|          2|   16|         32|
    |distances_0_address0                  |   21|          4|    3|         12|
    |distances_0_d0                        |   15|          3|   16|         48|
    |distances_1_address0                  |   21|          4|    3|         12|
    |distances_1_d0                        |   15|          3|    5|         15|
    |freq_address0                         |   21|          4|    4|         16|
    |freq_d0                               |   15|          3|   32|         96|
    |i1_0_reg_1802                         |    9|          2|    3|          6|
    |i2_0_reg_1813                         |    9|          2|   13|         26|
    |i3_0_reg_2032                         |    9|          2|    4|          8|
    |i4_0_reg_2067                         |    9|          2|    3|          6|
    |i_0_reg_1685                          |    9|          2|    6|         12|
    |j_0_reg_1985                          |    9|          2|    3|          6|
    |kkk_0_reg_1836                        |    9|          2|    7|         14|
    |max_freq_0_reg_2055                   |    9|          2|   32|         64|
    |most_freq_0_reg_2043                  |    9|          2|   32|         64|
    |p_Val2_s_reg_1824                     |    9|          2|  400|        800|
    |phi_ln5991_reg_1847                   |  217|         50|    8|        400|
    |temp1_be_reg_2020                     |    9|          2|   16|         32|
    |temp1_reg_1996                        |    9|          2|   16|         32|
    |temp2_V_be_reg_2008                   |    9|          2|    4|          8|
    |temp2_V_reg_1975                      |    9|          2|    4|          8|
    |temp_V_reg_1697                       |  217|         50|    8|        400|
    +--------------------------------------+-----+-----------+-----+-----------+
    |Total                                 |  793|        175|  668|       2193|
    +--------------------------------------+-----+-----------+-----+-----------+

    * Register: 
    +-----------------------------+-----+----+-----+-----------+
    |             Name            |  FF | LUT| Bits| Const Bits|
    +-----------------------------+-----+----+-----+-----------+
    |add_ln5991_1_reg_3360        |    7|   0|   10|          3|
    |add_ln5991_reg_3354          |    7|   0|   10|          3|
    |ap_CS_fsm                    |   17|   0|   17|          0|
    |bvh_d_index_reg_1964         |    9|   0|    9|          0|
    |curr_dist_1_reg_3417         |   16|   0|   16|          0|
    |curr_dist_reg_1952           |   16|   0|   16|          0|
    |distances_0_addr_1_reg_3412  |    3|   0|    3|          0|
    |freq_addr_1_reg_3457         |    4|   0|    4|          0|
    |i1_0_reg_1802                |    3|   0|    3|          0|
    |i2_0_reg_1813                |   13|   0|   13|          0|
    |i3_0_reg_2032                |    4|   0|    4|          0|
    |i4_0_reg_2067                |    3|   0|    3|          0|
    |i_0_reg_1685                 |    6|   0|    6|          0|
    |i_3_reg_3442                 |    3|   0|    3|          0|
    |i_5_reg_2841                 |   13|   0|   13|          0|
    |icmp_ln5999_reg_3422         |    1|   0|    1|          0|
    |input_10_read_reg_2612       |    8|   0|    8|          0|
    |input_11_read_reg_2617       |    8|   0|    8|          0|
    |input_12_read_reg_2622       |    8|   0|    8|          0|
    |input_13_read_reg_2627       |    8|   0|    8|          0|
    |input_14_read_reg_2632       |    8|   0|    8|          0|
    |input_15_read_reg_2637       |    8|   0|    8|          0|
    |input_16_read_reg_2642       |    8|   0|    8|          0|
    |input_17_read_reg_2647       |    8|   0|    8|          0|
    |input_18_read_reg_2652       |    8|   0|    8|          0|
    |input_19_read_reg_2657       |    8|   0|    8|          0|
    |input_1_read_reg_2567        |    8|   0|    8|          0|
    |input_20_read_reg_2662       |    8|   0|    8|          0|
    |input_21_read_reg_2667       |    8|   0|    8|          0|
    |input_22_read_reg_2672       |    8|   0|    8|          0|
    |input_23_read_reg_2677       |    8|   0|    8|          0|
    |input_24_read_reg_2682       |    8|   0|    8|          0|
    |input_25_read_reg_2687       |    8|   0|    8|          0|
    |input_26_read_reg_2692       |    8|   0|    8|          0|
    |input_27_read_reg_2697       |    8|   0|    8|          0|
    |input_28_read_reg_2702       |    8|   0|    8|          0|
    |input_29_read_reg_2707       |    8|   0|    8|          0|
    |input_2_read_reg_2572        |    8|   0|    8|          0|
    |input_30_read_reg_2712       |    8|   0|    8|          0|
    |input_31_read_reg_2717       |    8|   0|    8|          0|
    |input_32_read_reg_2722       |    8|   0|    8|          0|
    |input_33_read_reg_2727       |    8|   0|    8|          0|
    |input_34_read_reg_2732       |    8|   0|    8|          0|
    |input_35_read_reg_2737       |    8|   0|    8|          0|
    |input_36_read_reg_2742       |    8|   0|    8|          0|
    |input_37_read_reg_2747       |    8|   0|    8|          0|
    |input_38_read_reg_2752       |    8|   0|    8|          0|
    |input_39_read_reg_2757       |    8|   0|    8|          0|
    |input_3_read_reg_2577        |    8|   0|    8|          0|
    |input_40_read_reg_2762       |    8|   0|    8|          0|
    |input_41_read_reg_2767       |    8|   0|    8|          0|
    |input_42_read_reg_2772       |    8|   0|    8|          0|
    |input_43_read_reg_2777       |    8|   0|    8|          0|
    |input_44_read_reg_2782       |    8|   0|    8|          0|
    |input_45_read_reg_2787       |    8|   0|    8|          0|
    |input_46_read_reg_2792       |    8|   0|    8|          0|
    |input_47_read_reg_2797       |    8|   0|    8|          0|
    |input_48_read_reg_2802       |    8|   0|    8|          0|
    |input_49_read_reg_2807       |    8|   0|    8|          0|
    |input_4_read_reg_2582        |    8|   0|    8|          0|
    |input_50_read_reg_2562       |    8|   0|    8|          0|
    |input_5_read_reg_2587        |    8|   0|    8|          0|
    |input_6_read_reg_2592        |    8|   0|    8|          0|
    |input_7_read_reg_2597        |    8|   0|    8|          0|
    |input_8_read_reg_2602        |    8|   0|    8|          0|
    |input_9_read_reg_2607        |    8|   0|    8|          0|
    |j_0_reg_1985                 |    3|   0|    3|          0|
    |j_reg_3402                   |    3|   0|    3|          0|
    |kkk_0_reg_1836               |    7|   0|    7|          0|
    |kkk_reg_3366                 |    7|   0|    7|          0|
    |max_freq_0_reg_2055          |   32|   0|   32|          0|
    |most_freq_0_reg_2043         |   32|   0|   32|          0|
    |p_Val2_1_reg_1673            |  400|   0|  400|          0|
    |p_Val2_s_reg_1824            |  400|   0|  400|          0|
    |phi_ln5991_reg_1847          |    8|   0|    8|          0|
    |sext_ln6024_reg_3452         |   16|   0|   16|          0|
    |temp1_be_reg_2020            |   16|   0|   16|          0|
    |temp1_reg_1996               |   16|   0|   16|          0|
    |temp2_V_be_reg_2008          |    4|   0|    4|          0|
    |temp2_V_reg_1975             |    4|   0|    4|          0|
    |temp_V_reg_1697              |    8|   0|    8|          0|
    |test_label_V_reg_2815        |    4|   0|    4|          0|
    |train_21_load_reg_3106       |    8|   0|    8|          0|
    |train_23_load_reg_3116       |    8|   0|    8|          0|
    |train_24_load_reg_3121       |    8|   0|    8|          0|
    |train_25_load_reg_3126       |    8|   0|    8|          0|
    |train_26_load_reg_3131       |    8|   0|    8|          0|
    |train_27_load_reg_3136       |    8|   0|    8|          0|
    |train_28_load_reg_3141       |    8|   0|    8|          0|
    |train_29_load_reg_3146       |    8|   0|    8|          0|
    |train_30_load_reg_3151       |    8|   0|    8|          0|
    |train_31_load_reg_3156       |    8|   0|    8|          0|
    |train_32_load_reg_3161       |    8|   0|    8|          0|
    |train_33_load_reg_3166       |    8|   0|    8|          0|
    |train_34_load_reg_3171       |    8|   0|    8|          0|
    |train_35_load_reg_3176       |    8|   0|    8|          0|
    |train_37_load_reg_3186       |    8|   0|    8|          0|
    |train_38_load_reg_3191       |    8|   0|    8|          0|
    |train_39_load_reg_3196       |    8|   0|    8|          0|
    |train_40_load_reg_3201       |    8|   0|    8|          0|
    |train_41_load_reg_3206       |    8|   0|    8|          0|
    |train_42_load_reg_3211       |    8|   0|    8|          0|
    |train_44_load_reg_3221       |    8|   0|    8|          0|
    |train_45_load_reg_3226       |    8|   0|    8|          0|
    |train_46_load_reg_3231       |    8|   0|    8|          0|
    |train_47_load_reg_3236       |    8|   0|    8|          0|
    |train_48_load_reg_3241       |    8|   0|    8|          0|
    |train_49_load_reg_3246       |    8|   0|    8|          0|
    |train_51_load_reg_3256       |    8|   0|    8|          0|
    |train_52_load_reg_3261       |    8|   0|    8|          0|
    |train_53_load_reg_3266       |    8|   0|    8|          0|
    |train_54_load_reg_3271       |    8|   0|    8|          0|
    |train_55_load_reg_3276       |    8|   0|    8|          0|
    |train_56_load_reg_3281       |    8|   0|    8|          0|
    |train_58_load_reg_3291       |    8|   0|    8|          0|
    |train_59_load_reg_3296       |    8|   0|    8|          0|
    |train_60_load_reg_3301       |    8|   0|    8|          0|
    |train_61_load_reg_3306       |    8|   0|    8|          0|
    |train_62_load_reg_3311       |    8|   0|    8|          0|
    |train_63_load_reg_3316       |    8|   0|    8|          0|
    |train_65_load_reg_3326       |    8|   0|    8|          0|
    |train_66_load_reg_3331       |    8|   0|    8|          0|
    |train_67_load_reg_3336       |    8|   0|    8|          0|
    |train_68_load_reg_3341       |    8|   0|    8|          0|
    |train_69_load_reg_3346       |    8|   0|    8|          0|
    |train_70_load_reg_3101       |    8|   0|    8|          0|
    |zext_ln5991_1_reg_3111       |    6|   0|    8|          2|
    |zext_ln5991_2_reg_3181       |    7|   0|    8|          1|
    |zext_ln5991_3_reg_3216       |    7|   0|    8|          1|
    |zext_ln5991_4_reg_3251       |    7|   0|    8|          1|
    |zext_ln5991_5_reg_3286       |    6|   0|    8|          2|
    |zext_ln5991_6_reg_3321       |    6|   0|    8|          2|
    |zext_ln5991_reg_2846         |   13|   0|   64|         51|
    |zext_ln5999_reg_3407         |    3|   0|   64|         61|
    +-----------------------------+-----+----+-----+-----------+
    |Total                        | 1892|   0| 2019|        127|
    +-----------------------------+-----+----+-----+-----------+



================================================================
== Interface
================================================================
* Summary: 
+------------------------+-----+-----+------------+--------------+--------------+
|        RTL Ports       | Dir | Bits|  Protocol  | Source Object|    C Type    |
+------------------------+-----+-----+------------+--------------+--------------+
|s_axi_AXILiteS_AWVALID  |  in |    1|    s_axi   |   AXILiteS   |    pointer   |
|s_axi_AXILiteS_AWREADY  | out |    1|    s_axi   |   AXILiteS   |    pointer   |
|s_axi_AXILiteS_AWADDR   |  in |    9|    s_axi   |   AXILiteS   |    pointer   |
|s_axi_AXILiteS_WVALID   |  in |    1|    s_axi   |   AXILiteS   |    pointer   |
|s_axi_AXILiteS_WREADY   | out |    1|    s_axi   |   AXILiteS   |    pointer   |
|s_axi_AXILiteS_WDATA    |  in |   32|    s_axi   |   AXILiteS   |    pointer   |
|s_axi_AXILiteS_WSTRB    |  in |    4|    s_axi   |   AXILiteS   |    pointer   |
|s_axi_AXILiteS_ARVALID  |  in |    1|    s_axi   |   AXILiteS   |    pointer   |
|s_axi_AXILiteS_ARREADY  | out |    1|    s_axi   |   AXILiteS   |    pointer   |
|s_axi_AXILiteS_ARADDR   |  in |    9|    s_axi   |   AXILiteS   |    pointer   |
|s_axi_AXILiteS_RVALID   | out |    1|    s_axi   |   AXILiteS   |    pointer   |
|s_axi_AXILiteS_RREADY   |  in |    1|    s_axi   |   AXILiteS   |    pointer   |
|s_axi_AXILiteS_RDATA    | out |   32|    s_axi   |   AXILiteS   |    pointer   |
|s_axi_AXILiteS_RRESP    | out |    2|    s_axi   |   AXILiteS   |    pointer   |
|s_axi_AXILiteS_BVALID   | out |    1|    s_axi   |   AXILiteS   |    pointer   |
|s_axi_AXILiteS_BREADY   |  in |    1|    s_axi   |   AXILiteS   |    pointer   |
|s_axi_AXILiteS_BRESP    | out |    2|    s_axi   |   AXILiteS   |    pointer   |
|ap_clk                  |  in |    1| ap_ctrl_hs |      knn     | return value |
|ap_rst_n                |  in |    1| ap_ctrl_hs |      knn     | return value |
|interrupt               | out |    1| ap_ctrl_hs |      knn     | return value |
+------------------------+-----+-----+------------+--------------+--------------+

